device: cpu hidden=(512, 512, 256) quantiles=32 layer_norm=True updates/step=2
env: obs=303 action=2 lanes=64 solo=True
step    1000 transitions     64000 reward -0.0310 alpha 0.010 q -0.89 1247 tps
          own_progress=+0.0207 wall=-0.0016 off_course=-0.0043 tyre_slip=-0.0073 time=-0.0010 mode_excess=-0.0014 retirement=-0.0361
          terminals {'stalled': 77, 'timeout': 62}
step    2000 transitions    128000 reward +0.0130 alpha 0.010 q -0.70 1188 tps
          own_progress=+0.0222 wall=-0.0001 off_course=-0.0006 tyre_slip=-0.0060 time=-0.0010 mode_excess=-0.0015
          terminals {'timeout': 123}
step    3000 transitions    192000 reward +0.0075 alpha 0.010 q -0.23 1141 tps
          own_progress=+0.0215 wall=-0.0000 off_course=-0.0004 tyre_slip=-0.0062 time=-0.0010 mode_excess=-0.0013 retirement=-0.0052
          terminals {'timeout': 69, 'stalled': 11}
step    4000 transitions    256000 reward +0.0141 alpha 0.010 q +0.25 1108 tps
          own_progress=+0.0239 wall=-0.0000 off_course=-0.0003 tyre_slip=-0.0062 time=-0.0010 mode_excess=-0.0013 retirement=-0.0009
          terminals {'timeout': 122, 'stalled': 2}
step    5000 transitions    320000 reward +0.0135 alpha 0.010 q +0.12 1095 tps
          own_progress=+0.0224 wall=-0.0001 off_course=-0.0001 tyre_slip=-0.0053 time=-0.0010 mode_excess=-0.0014 retirement=-0.0009
          terminals {'timeout': 115, 'stalled': 2}
step    6000 transitions    384000 reward +0.0133 alpha 0.010 q +0.56 1083 tps
          own_progress=+0.0222 wall=-0.0000 off_course=-0.0002 tyre_slip=-0.0053 time=-0.0010 mode_excess=-0.0014 retirement=-0.0009
          terminals {'timeout': 81, 'stalled': 2}
step    7000 transitions    448000 reward +0.0141 alpha 0.010 q +0.48 1079 tps
          own_progress=+0.0224 wall=-0.0002 off_course=-0.0003 tyre_slip=-0.0052 time=-0.0010 mode_excess=-0.0012 retirement=-0.0005
          terminals {'timeout': 120, 'stalled': 1}
step    8000 transitions    512000 reward +0.0132 alpha 0.010 q +0.62 1075 tps
          own_progress=+0.0223 wall=-0.0001 off_course=-0.0002 tyre_slip=-0.0048 time=-0.0010 mode_excess=-0.0011 retirement=-0.0019
          terminals {'timeout': 112, 'stalled': 4}
step    9000 transitions    576000 reward +0.0145 alpha 0.010 q +0.64 1070 tps
          own_progress=+0.0213 wall=-0.0000 off_course=-0.0002 tyre_slip=-0.0046 time=-0.0010 mode_excess=-0.0011
          terminals {'timeout': 88}
step   10000 transitions    640000 reward +0.0152 alpha 0.010 q +0.55 1067 tps
          own_progress=+0.0227 wall=-0.0001 off_course=-0.0002 tyre_slip=-0.0050 time=-0.0010 mode_excess=-0.0012
          terminals {'timeout': 119}
  eval  train progress +32.55 stalls 0 mode -1.255 | held-out(sepang) progress +34.11 stalls 2
  saved best (progress +32.55)
step   11000 transitions    704000 reward +0.0145 alpha 0.010 q +0.61 1040 tps
          own_progress=+0.0218 wall=-0.0000 off_course=-0.0001 tyre_slip=-0.0045 time=-0.0010 mode_excess=-0.0012 retirement=-0.0005
          terminals {'timeout': 109, 'stalled': 1}
step   12000 transitions    768000 reward +0.0135 alpha 0.010 q +0.71 1042 tps
          own_progress=+0.0210 wall=-0.0000 off_course=-0.0002 tyre_slip=-0.0044 time=-0.0010 mode_excess=-0.0010 retirement=-0.0009
          terminals {'timeout': 90, 'stalled': 2}
step   13000 transitions    832000 reward +0.0157 alpha 0.010 q +0.79 1043 tps
          own_progress=+0.0231 wall=-0.0001 off_course=-0.0002 tyre_slip=-0.0050 time=-0.0010 mode_excess=-0.0011
          terminals {'timeout': 118}
