device: cpu hidden=(512, 512, 256) quantiles=0 layer_norm=False updates/step=16
env: obs=303 action=2 lanes=32 solo=True
step     200 transitions      6400 reward -0.1809 alpha nan q +nan 51343 tps
          own_progress=+0.0253 wall=-0.0109 off_course=-0.0154 tyre_slip=-0.0084 time=-0.0010 mode_excess=-0.0018 retirement=-0.1688
          terminals {'stalled': 36}
step     400 transitions     12800 reward -0.2326 alpha 0.656 q +5.23 788 tps
          own_progress=+0.0187 wall=-0.0075 off_course=-0.0096 tyre_slip=-0.0069 time=-0.0010 mode_excess=-0.0013 retirement=-0.2250
          terminals {'stalled': 48}
step     600 transitions     19200 reward -0.1957 alpha 0.255 q +8.82 362 tps
          own_progress=+0.0161 wall=-0.0052 off_course=-0.0071 tyre_slip=-0.0051 time=-0.0010 mode_excess=-0.0012 retirement=-0.1922
          terminals {'stalled': 41}
step     800 transitions     25600 reward -0.1283 alpha 0.100 q +8.25 285 tps
          own_progress=+0.0134 wall=-0.0033 off_course=-0.0056 tyre_slip=-0.0042 time=-0.0010 mode_excess=-0.0010 retirement=-0.1266
          terminals {'stalled': 27}
step    1000 transitions     32000 reward -0.0653 alpha 0.041 q +5.81 241 tps
          own_progress=+0.0086 wall=-0.0053 off_course=-0.0035 tyre_slip=-0.0025 time=-0.0010 mode_excess=-0.0008 retirement=-0.0609
          terminals {'stalled': 13, 'timeout': 1}
step    1200 transitions     38400 reward -0.0837 alpha 0.017 q +4.06 228 tps
          own_progress=+0.0119 wall=-0.0064 off_course=-0.0045 tyre_slip=-0.0032 time=-0.0010 mode_excess=-0.0010 retirement=-0.0797
          terminals {'stalled': 17, 'timeout': 7}
