device: cpu hidden=(512, 512, 256) quantiles=0 layer_norm=False updates/step=8
env: obs=303 action=2 lanes=32 solo=True
step     200 transitions      6400 reward -0.1783 alpha nan q +nan 47477 tps
          own_progress=+0.0247 wall=-0.0108 off_course=-0.0129 tyre_slip=-0.0078 time=-0.0010 mode_excess=-0.0017 retirement=-0.1688
          terminals {'stalled': 36}
step     400 transitions     12800 reward -0.2375 alpha 0.810 q +3.36 1197 tps
          own_progress=+0.0232 wall=-0.0092 off_course=-0.0119 tyre_slip=-0.0072 time=-0.0010 mode_excess=-0.0017 retirement=-0.2297
          terminals {'stalled': 49}
step     600 transitions     19200 reward -0.2649 alpha 0.504 q +7.15 583 tps
          own_progress=+0.0200 wall=-0.0098 off_course=-0.0119 tyre_slip=-0.0073 time=-0.0010 mode_excess=-0.0017 retirement=-0.2531
          terminals {'stalled': 54}
step     800 transitions     25600 reward -0.2348 alpha 0.314 q +8.46 470 tps
          own_progress=+0.0221 wall=-0.0104 off_course=-0.0118 tyre_slip=-0.0072 time=-0.0010 mode_excess=-0.0015 retirement=-0.2250
          terminals {'stalled': 48}
step    1000 transitions     32000 reward -0.2224 alpha 0.196 q +7.91 405 tps
          own_progress=+0.0190 wall=-0.0083 off_course=-0.0095 tyre_slip=-0.0055 time=-0.0010 mode_excess=-0.0015 retirement=-0.2156
          terminals {'stalled': 46}
step    1200 transitions     38400 reward -0.2144 alpha 0.124 q +6.82 377 tps
          own_progress=+0.0207 wall=-0.0070 off_course=-0.0124 tyre_slip=-0.0071 time=-0.0010 mode_excess=-0.0014 retirement=-0.2062
          terminals {'stalled': 44, 'timeout': 1}
step    1400 transitions     44800 reward -0.1720 alpha 0.079 q +4.55 358 tps
          own_progress=+0.0148 wall=-0.0058 off_course=-0.0093 tyre_slip=-0.0055 time=-0.0010 mode_excess=-0.0011 retirement=-0.1641
          terminals {'stalled': 35}
step    1600 transitions     51200 reward -0.1494 alpha 0.051 q +2.38 352 tps
          own_progress=+0.0133 wall=-0.0065 off_course=-0.0087 tyre_slip=-0.0048 time=-0.0010 mode_excess=-0.0012 retirement=-0.1406
          terminals {'stalled': 30}
step    1800 transitions     57600 reward -0.0975 alpha 0.034 q +1.22 344 tps
          own_progress=+0.0109 wall=-0.0101 off_course=-0.0044 tyre_slip=-0.0027 time=-0.0010 mode_excess=-0.0012 retirement=-0.0891
          terminals {'stalled': 19, 'timeout': 3}
