
/Users/jayhuang/Code/stintegy-evo/Training/python/checkpoints/evalparent2g-1175000.pt
  12 lane × 600 s · 档位 3/3 · seed 900001 · 69.5 圈
  旋转 2（2.9/百圈）  退赛 0
  合同：平均使用率 0.735，平均超约 -0.2416；逐步超约 13.4%（实质 9.5%）
  失控起点定义：|侧滑| ≥ 0.25 rad（本场普通驾驶 p99 0.126，p99.9 0.329 rad）
  基线：无打滑的 1 秒共 107515 个，38.1% 含超约（实质 32.0%）
  失控起点前 1 秒：2 跤中 2 跤含超约（100.0%，实质 100.0%），倍率 2.62×（实质 3.13×）
  若与超约无关，预计 0.8 跤，实得 2
  圈级口径：每圈平均超约每高 1 单位，每步推进 -0.3147（67 圈，相关 -0.06，圈均超约 0.0019，p90 0.0022）
  步级口径：每单位 e 每步 +0.0001 （同桩号对照，305 格，13997 个超约步，平均 e 0.0147，守约步平均推进 +0.0708/步）
  起点前峰值超约在哪根轴：both 2
  旋转聚集（弯角 × 胎况）：
    T7                     2 跤 胎耗中位 26% 后胎面中位 104℃ 起点前峰值超约中位 +0.023

/Users/jayhuang/Code/stintegy-evo/Training/python/checkpoints/evalparent2g-1200000.pt
  12 lane × 600 s · 档位 3/3 · seed 900001 · 69.7 圈
  旋转 3（4.3/百圈）  退赛 0
  合同：平均使用率 0.740，平均超约 -0.2375；逐步超约 14.0%（实质 9.9%）
  失控起点定义：|侧滑| ≥ 0.25 rad（本场普通驾驶 p99 0.130，p99.9 0.353 rad）
  基线：无打滑的 1 秒共 107504 个，40.3% 含超约（实质 33.6%）
  失控起点前 1 秒：3 跤中 3 跤含超约（100.0%，实质 100.0%），倍率 2.48×（实质 2.98×）
  若与超约无关，预计 1.2 跤，实得 3
  圈级口径：每圈平均超约每高 1 单位，每步推进 -0.6163（67 圈，相关 -0.16，圈均超约 0.0020，p90 0.0023）
  步级口径：每单位 e 每步 +0.0012 （同桩号对照，320 格，14851 个超约步，平均 e 0.0147，守约步平均推进 +0.0709/步）
  起点前峰值超约在哪根轴：front 1，rear 1，both 1
  旋转聚集（弯角 × 胎况）：
    直道                     1 跤 胎耗中位 2% 后胎面中位 95℃ 起点前峰值超约中位 +0.023
    T6                     1 跤 胎耗中位 36% 后胎面中位 106℃ 起点前峰值超约中位 +0.023
    T7                     1 跤 胎耗中位 37% 后胎面中位 96℃ 起点前峰值超约中位 +0.023

wrote ../experiments/2026-09-12-parent2g-verdict/accounting-2g.json
