大样本认证 · silverstone · 12 车道 × 600 模拟秒 · 档位 3/3 · 种子基 900001、424242

/Users/jayhuang/Code/stintegy-evo/Training/python/checkpoints/evalparent2g-1150000.pt  种子基 900001
  圈数 56  干净 28  干净率 50.0%  旋转 14 (≈1/4 圈)  退赛 0 (≈0/56 圈)
  最快干净圈 1:41.792  正赛带   干净圈均速 1:42.365   计罚圈 1:41.628
  出界秒数/圈：0 秒 50%  中位 0.033  p90 2.867  最大 4.200  总计 36.7s
  形态：圈圈小蹭（出界分散在多圈）
  毕业口径：❌ 旋转 14 / 干净率 50%

/Users/jayhuang/Code/stintegy-evo/Training/python/checkpoints/evalparent2g-1150000.pt  种子基 424242
  圈数 57  干净 33  干净率 57.9%  旋转 16 (≈1/4 圈)  退赛 0 (≈0/57 圈)
  最快干净圈 1:41.434  正赛带   干净圈均速 1:42.267   计罚圈 1:41.434
  出界秒数/圈：0 秒 58%  中位 0.000  p90 2.907  最大 5.867  总计 46.1s
  形态：圈圈小蹭（出界分散在多圈）
  毕业口径：❌ 旋转 16

/Users/jayhuang/Code/stintegy-evo/Training/python/checkpoints/evalparent2g-1175000.pt  种子基 900001
  圈数 55  干净 5  干净率 9.1%  旋转 2 (≈1/28 圈)  退赛 0 (≈0/55 圈)
  最快干净圈 1:42.056  正赛带   干净圈均速 1:43.012   计罚圈 1:41.978
  出界秒数/圈：0 秒 9%  中位 0.200  p90 1.667  最大 3.733  总计 29.6s
  形态：圈圈小蹭（出界分散在多圈）
  毕业口径：❌ 旋转 2 / 干净率 9%

/Users/jayhuang/Code/stintegy-evo/Training/python/checkpoints/evalparent2g-1175000.pt  种子基 424242
  圈数 57  干净 4  干净率 7.0%  旋转 0 (≈0/57 圈)  退赛 0 (≈0/57 圈)
  最快干净圈 1:42.178  正赛带   干净圈均速 1:43.373   计罚圈 1:41.940
  出界秒数/圈：0 秒 7%  中位 0.400  p90 2.973  最大 7.200  总计 66.3s
  形态：圈圈小蹭（出界分散在多圈）
  毕业口径：❌ 干净率 7%

/Users/jayhuang/Code/stintegy-evo/Training/python/checkpoints/evalparent2g-1200000.pt  种子基 900001
  圈数 57  干净 37  干净率 64.9%  旋转 3 (≈1/19 圈)  退赛 0 (≈0/57 圈)
  最快干净圈 1:41.667  正赛带   干净圈均速 1:42.551   计罚圈 1:41.667
  出界秒数/圈：0 秒 65%  中位 0.000  p90 0.680  最大 3.133  总计 12.9s
  形态：圈圈小蹭（出界分散在多圈）
  毕业口径：❌ 旋转 3

/Users/jayhuang/Code/stintegy-evo/Training/python/checkpoints/evalparent2g-1200000.pt  种子基 424242
  圈数 57  干净 25  干净率 43.9%  旋转 1 (≈1/57 圈)  退赛 0 (≈0/57 圈)
  最快干净圈 1:41.346  正赛带   干净圈均速 1:42.378   计罚圈 1:41.346
  出界秒数/圈：0 秒 44%  中位 0.133  p90 0.827  最大 2.467  总计 16.2s
  形态：圈圈小蹭（出界分散在多圈）
  毕业口径：❌ 旋转 1 / 干净率 44%

wrote ../experiments/2026-09-12-parent2g-verdict/roster-2g.json
