
/Users/jayhuang/Code/stintegy-evo/Training/python/checkpoints/evalparent2f-1075000.pt
  12 lane × 600 s · 档位 3/3 · seed 900001 · 69.8 圈
  旋转 6（8.6/百圈）  退赛 0
  合同：平均使用率 0.740，平均超约 -0.2374；逐步超约 14.9%（实质 11.3%）
  失控起点定义：|侧滑| ≥ 0.25 rad（本场普通驾驶 p99 0.138，p99.9 2.071 rad）
  基线：无打滑的 1 秒共 107309 个，38.7% 含超约（实质 32.6%）
  失控起点前 1 秒：6 跤中 6 跤含超约（100.0%，实质 100.0%），倍率 2.58×（实质 3.07×）
  若与超约无关，预计 2.3 跤，实得 6
  圈级口径：每圈平均超约每高 1 单位，每步推进 +1.1668（67 圈，相关 +0.21，圈均超约 0.0024，p90 0.0027）
  步级口径：每单位 e 每步 +0.0324 （同桩号对照，331 格，15887 个超约步，平均 e 0.0160，守约步平均推进 +0.0737/步）
  起点前峰值超约在哪根轴：rear 6
  旋转聚集（弯角 × 胎况）：
    直道                     2 跤 胎耗中位 16% 后胎面中位 114℃ 起点前峰值超约中位 +0.023
    T17                    1 跤 胎耗中位 5% 后胎面中位 100℃ 起点前峰值超约中位 +0.023
    T11                    1 跤 胎耗中位 25% 后胎面中位 111℃ 起点前峰值超约中位 +0.023
    T4                     1 跤 胎耗中位 34% 后胎面中位 108℃ 起点前峰值超约中位 +0.023
    T9                     1 跤 胎耗中位 39% 后胎面中位 117℃ 起点前峰值超约中位 +0.023

/Users/jayhuang/Code/stintegy-evo/Training/python/checkpoints/evalparent2f-675000.pt
  12 lane × 600 s · 档位 3/3 · seed 900001 · 69.0 圈
  旋转 0（0.0/百圈）  退赛 0
  合同：平均使用率 0.724，平均超约 -0.2526；逐步超约 12.4%（实质 8.7%）
  失控起点定义：|侧滑| ≥ 0.25 rad（本场普通驾驶 p99 0.111，p99.9 0.171 rad）
  基线：无打滑的 1 秒共 107750 个，35.6% 含超约（实质 30.3%）
  失控起点前 1 秒：0 跤中 0 跤含超约（nan%，实质 nan%），倍率 nan×（实质 nan×）
  圈级口径：每圈平均超约每高 1 单位，每步推进 -0.7437（66 圈，相关 -0.21，圈均超约 0.0018，p90 0.0021）
  步级口径：每单位 e 每步 -0.0146 （同桩号对照，310 格，13059 个超约步，平均 e 0.0146，守约步平均推进 +0.0718/步）

/Users/jayhuang/Code/stintegy-evo/Training/python/checkpoints/evalparent2f-800000.pt
  12 lane × 600 s · 档位 3/3 · seed 900001 · 69.2 圈
  旋转 9（13.0/百圈）  退赛 0
  合同：平均使用率 0.729，平均超约 -0.2484；逐步超约 13.5%（实质 9.4%）
  失控起点定义：|侧滑| ≥ 0.25 rad（本场普通驾驶 p99 0.118，p99.9 2.140 rad）
  基线：无打滑的 1 秒共 107338 个，38.1% 含超约（实质 32.2%）
  失控起点前 1 秒：9 跤中 9 跤含超约（100.0%，实质 100.0%），倍率 2.62×（实质 3.11×）
  若与超约无关，预计 3.4 跤，实得 9
  圈级口径：每圈平均超约每高 1 单位，每步推进 +1.9943（67 圈，相关 +0.30，圈均超约 0.0019，p90 0.0022）
  步级口径：每单位 e 每步 +0.0140 （同桩号对照，349 格，14415 个超约步，平均 e 0.0144，守约步平均推进 +0.0735/步）
  起点前峰值超约在哪根轴：rear 6，both 2，front 1
  旋转聚集（弯角 × 胎况）：
    直道                     7 跤 胎耗中位 2% 后胎面中位 103℃ 起点前峰值超约中位 +0.023
    T14                    1 跤 胎耗中位 2% 后胎面中位 95℃ 起点前峰值超约中位 +0.023
    T7                     1 跤 胎耗中位 2% 后胎面中位 94℃ 起点前峰值超约中位 +0.023

wrote ../experiments/2026-09-12-mode-excess-hinge/margin.json
