
/Users/jayhuang/Code/stintegy-evo/Training/python/checkpoints/evalparent2f-1075000.pt
  12 lane × 600 s · 档位 3/3 · seed 900001 · 69.8 圈
  旋转 6（8.6/百圈）  退赛 0
  合同：平均使用率 0.740，平均超约 -0.2374；逐步超约 14.9%（实质 11.3%）
  失控起点定义：|侧滑| ≥ 0.25 rad（本场普通驾驶 p99 0.138，p99.9 2.071 rad）
  基线：无打滑的 1 秒共 107309 个，38.7% 含超约（实质 32.6%）
  失控起点前 1 秒：6 跤中 6 跤含超约（100.0%，实质 100.0%），倍率 2.58×（实质 3.07×）
  若与超约无关，预计 2.3 跤，实得 6
  起点前峰值超约在哪根轴：rear 6
  旋转聚集（弯角 × 胎况）：
    T3                     4 跤 胎耗中位 22% 后胎面中位 114℃ 起点前峰值超约中位 +0.023
    T1                     2 跤 胎耗中位 24% 后胎面中位 110℃ 起点前峰值超约中位 +0.023

/Users/jayhuang/Code/stintegy-evo/Training/python/checkpoints/evalparent2f-1100000.pt
  12 lane × 600 s · 档位 3/3 · seed 900001 · 69.8 圈
  旋转 4（5.7/百圈）  退赛 0
  合同：平均使用率 0.734，平均超约 -0.2428；逐步超约 14.7%（实质 10.9%）
  失控起点定义：|侧滑| ≥ 0.25 rad（本场普通驾驶 p99 0.121，p99.9 0.651 rad）
  基线：无打滑的 1 秒共 107640 个，39.1% 含超约（实质 32.9%）
  失控起点前 1 秒：4 跤中 4 跤含超约（100.0%，实质 100.0%），倍率 2.56×（实质 3.04×）
  若与超约无关，预计 1.6 跤，实得 4
  起点前峰值超约在哪根轴：rear 2，front 1，both 1
  旋转聚集（弯角 × 胎况）：
    T1                     3 跤 胎耗中位 27% 后胎面中位 110℃ 起点前峰值超约中位 +0.023
    T2                     1 跤 胎耗中位 11% 后胎面中位 99℃ 起点前峰值超约中位 +0.023

/Users/jayhuang/Code/stintegy-evo/Training/python/checkpoints/evalparent2f-1050000.pt
  12 lane × 600 s · 档位 3/3 · seed 900001 · 68.7 圈
  旋转 16（23.3/百圈）  退赛 0
  合同：平均使用率 0.735，平均超约 -0.2417；逐步超约 15.9%（实质 12.9%）
  失控起点定义：|侧滑| ≥ 0.25 rad（本场普通驾驶 p99 0.162，p99.9 2.596 rad）
  基线：无打滑的 1 秒共 106837 个，38.8% 含超约（实质 33.2%）
  失控起点前 1 秒：16 跤中 16 跤含超约（100.0%，实质 100.0%），倍率 2.58×（实质 3.01×）
  若与超约无关，预计 6.2 跤，实得 16
  起点前峰值超约在哪根轴：rear 10，front 6
  旋转聚集（弯角 × 胎况）：
    T1                    16 跤 胎耗中位 7% 后胎面中位 99℃ 起点前峰值超约中位 +0.023

/Users/jayhuang/Code/stintegy-evo/Training/python/checkpoints/evalparent2f-800000.pt
  12 lane × 600 s · 档位 3/3 · seed 900001 · 69.2 圈
  旋转 9（13.0/百圈）  退赛 0
  合同：平均使用率 0.729，平均超约 -0.2484；逐步超约 13.5%（实质 9.4%）
  失控起点定义：|侧滑| ≥ 0.25 rad（本场普通驾驶 p99 0.118，p99.9 2.140 rad）
  基线：无打滑的 1 秒共 107338 个，38.1% 含超约（实质 32.2%）
  失控起点前 1 秒：9 跤中 9 跤含超约（100.0%，实质 100.0%），倍率 2.62×（实质 3.11×）
  若与超约无关，预计 3.4 跤，实得 9
  起点前峰值超约在哪根轴：rear 6，both 2，front 1
  旋转聚集（弯角 × 胎况）：
    T3                     7 跤 胎耗中位 2% 后胎面中位 103℃ 起点前峰值超约中位 +0.023
    T4                     2 跤 胎耗中位 4% 后胎面中位 97℃ 起点前峰值超约中位 +0.023

wrote ../experiments/2026-09-12-spin-accounting/accounting.json
