大样本认证 · silverstone · 12 车道 × 600 模拟秒 · 档位 3/3 · 种子基 900001、424242

/Users/jayhuang/Code/stintegy-evo/Training/python/checkpoints/evalparent2f-675000.pt  种子基 900001
  圈数 55  干净 44  干净率 80.0%  旋转 0 (≈0/55 圈)  退赛 0 (≈0/55 圈)
  最快干净圈 1:43.164  正赛带   干净圈均速 1:44.304   计罚圈 1:43.164
  出界秒数/圈：0 秒 80%  中位 0.000  p90 0.133  最大 1.467  总计 4.3s
  形态：圈圈小蹭（出界分散在多圈）
  毕业口径：✅ 四项齐（零旋转 + 零退赛 + 干净率过半 + 落带） · 600 秒会话

/Users/jayhuang/Code/stintegy-evo/Training/python/checkpoints/evalparent2f-675000.pt  种子基 424242
  圈数 56  干净 45  干净率 80.4%  旋转 2 (≈1/28 圈)  退赛 0 (≈0/56 圈)
  最快干净圈 1:43.181  正赛带   干净圈均速 1:44.249   计罚圈 1:43.181
  出界秒数/圈：0 秒 80%  中位 0.000  p90 0.233  最大 3.133  总计 9.1s
  形态：圈圈小蹭（出界分散在多圈）
  毕业口径：❌ 旋转 2

/Users/jayhuang/Code/stintegy-evo/Training/python/checkpoints/evalparent2f-700000.pt  种子基 900001
  圈数 55  干净 18  干净率 32.7%  旋转 4 (≈1/14 圈)  退赛 0 (≈0/55 圈)
  最快干净圈 1:42.045  正赛带   干净圈均速 1:43.467   计罚圈 1:42.045
  出界秒数/圈：0 秒 33%  中位 0.200  p90 3.573  最大 5.400  总计 60.9s
  形态：圈圈小蹭（出界分散在多圈）
  毕业口径：❌ 旋转 4 / 干净率 33%

/Users/jayhuang/Code/stintegy-evo/Training/python/checkpoints/evalparent2f-700000.pt  种子基 424242
  圈数 56  干净 16  干净率 28.6%  旋转 5 (≈1/11 圈)  退赛 0 (≈0/56 圈)
  最快干净圈 1:43.036  正赛带   干净圈均速 1:43.627   计罚圈 1:42.776
  出界秒数/圈：0 秒 29%  中位 0.200  p90 3.367  最大 5.267  总计 47.3s
  形态：圈圈小蹭（出界分散在多圈）
  毕业口径：❌ 旋转 5 / 干净率 29%

/Users/jayhuang/Code/stintegy-evo/Training/python/checkpoints/evalparent2f-775000.pt  种子基 900001
  圈数 55  干净 16  干净率 29.1%  旋转 1 (≈1/55 圈)  退赛 0 (≈0/55 圈)
  最快干净圈 1:42.614  正赛带   干净圈均速 1:44.031   计罚圈 1:42.614
  出界秒数/圈：0 秒 29%  中位 0.200  p90 0.600  最大 4.933  总计 21.2s
  形态：圈圈小蹭（出界分散在多圈）
  毕业口径：❌ 旋转 1 / 干净率 29%

/Users/jayhuang/Code/stintegy-evo/Training/python/checkpoints/evalparent2f-775000.pt  种子基 424242
  圈数 56  干净 28  干净率 50.0%  旋转 2 (≈1/28 圈)  退赛 0 (≈0/56 圈)
  最快干净圈 1:42.534  正赛带   干净圈均速 1:43.840   计罚圈 1:42.534
  出界秒数/圈：0 秒 50%  中位 0.033  p90 1.267  最大 3.267  总计 21.4s
  形态：圈圈小蹭（出界分散在多圈）
  毕业口径：❌ 旋转 2 / 干净率 50%

/Users/jayhuang/Code/stintegy-evo/Training/python/checkpoints/evalparent2f-1000000.pt  种子基 900001
  圈数 56  干净 24  干净率 42.9%  旋转 3 (≈1/19 圈)  退赛 0 (≈0/56 圈)
  最快干净圈 1:42.359  正赛带   干净圈均速 1:42.892   计罚圈 1:42.359
  出界秒数/圈：0 秒 43%  中位 0.067  p90 0.500  最大 3.267  总计 14.1s
  形态：圈圈小蹭（出界分散在多圈）
  毕业口径：❌ 旋转 3 / 干净率 43%

/Users/jayhuang/Code/stintegy-evo/Training/python/checkpoints/evalparent2f-1000000.pt  种子基 424242
  圈数 57  干净 23  干净率 40.4%  旋转 3 (≈1/19 圈)  退赛 0 (≈0/57 圈)
  最快干净圈 1:42.218  正赛带   干净圈均速 1:43.028   计罚圈 1:42.218
  出界秒数/圈：0 秒 40%  中位 0.067  p90 0.587  最大 4.733  总计 16.1s
  形态：圈圈小蹭（出界分散在多圈）
  毕业口径：❌ 旋转 3 / 干净率 40%

/Users/jayhuang/Code/stintegy-evo/Training/python/checkpoints/evalparent2f-725000.pt  种子基 900001
  圈数 55  干净 44  干净率 80.0%  旋转 7 (≈1/8 圈)  退赛 0 (≈0/55 圈)
  最快干净圈 1:42.265  正赛带   干净圈均速 1:43.099   计罚圈 1:42.265
  出界秒数/圈：0 秒 80%  中位 0.000  p90 0.360  最大 5.400  总计 14.5s
  形态：圈圈小蹭（出界分散在多圈）
  毕业口径：❌ 旋转 7

/Users/jayhuang/Code/stintegy-evo/Training/python/checkpoints/evalparent2f-725000.pt  种子基 424242
  圈数 57  干净 49  干净率 86.0%  旋转 7 (≈1/8 圈)  退赛 0 (≈0/57 圈)
  最快干净圈 1:41.951  正赛带   干净圈均速 1:43.035   计罚圈 1:41.951
  出界秒数/圈：0 秒 86%  中位 0.000  p90 0.067  最大 2.933  总计 8.8s
  形态：圈圈小蹭（出界分散在多圈）
  毕业口径：❌ 旋转 7

/Users/jayhuang/Code/stintegy-evo/Training/python/checkpoints/evalparent2f-800000.pt  种子基 900001
  圈数 55  干净 39  干净率 70.9%  旋转 9 (≈1/6 圈)  退赛 0 (≈0/55 圈)
  最快干净圈 1:42.124  正赛带   干净圈均速 1:42.815   计罚圈 1:42.124
  出界秒数/圈：0 秒 71%  中位 0.000  p90 0.467  最大 4.467  总计 13.3s
  形态：圈圈小蹭（出界分散在多圈）
  毕业口径：❌ 旋转 9

/Users/jayhuang/Code/stintegy-evo/Training/python/checkpoints/evalparent2f-800000.pt  种子基 424242
  圈数 57  干净 43  干净率 75.4%  旋转 8 (≈1/7 圈)  退赛 0 (≈0/57 圈)
  最快干净圈 1:41.829  正赛带   干净圈均速 1:42.974   计罚圈 1:41.829
  出界秒数/圈：0 秒 75%  中位 0.000  p90 0.533  最大 3.133  总计 13.7s
  形态：圈圈小蹭（出界分散在多圈）
  毕业口径：❌ 旋转 8

/Users/jayhuang/Code/stintegy-evo/Training/python/checkpoints/evalparent2f-925000.pt  种子基 900001
  圈数 55  干净 37  干净率 67.3%  旋转 4 (≈1/14 圈)  退赛 0 (≈0/55 圈)
  最快干净圈 1:41.724  正赛带   干净圈均速 1:42.684   计罚圈 1:41.610
  出界秒数/圈：0 秒 67%  中位 0.000  p90 1.680  最大 3.400  总计 23.1s
  形态：圈圈小蹭（出界分散在多圈）
  毕业口径：❌ 旋转 4

/Users/jayhuang/Code/stintegy-evo/Training/python/checkpoints/evalparent2f-925000.pt  种子基 424242
  圈数 56  干净 28  干净率 50.0%  旋转 9 (≈1/6 圈)  退赛 0 (≈0/56 圈)
  最快干净圈 1:41.557  正赛带   干净圈均速 1:42.462   计罚圈 1:41.557
  出界秒数/圈：0 秒 50%  中位 0.033  p90 1.933  最大 5.267  总计 35.8s
  形态：圈圈小蹭（出界分散在多圈）
  毕业口径：❌ 旋转 9 / 干净率 50%

/Users/jayhuang/Code/stintegy-evo/Training/python/checkpoints/evalparent2f-1075000.pt  种子基 900001
  圈数 57  干净 42  干净率 73.7%  旋转 6 (≈1/10 圈)  退赛 0 (≈0/57 圈)
  最快干净圈 1:41.019  正赛带   干净圈均速 1:42.278   计罚圈 1:40.670
  出界秒数/圈：0 秒 74%  中位 0.000  p90 0.267  最大 5.667  总计 16.6s
  形态：圈圈小蹭（出界分散在多圈）
  毕业口径：❌ 旋转 6

/Users/jayhuang/Code/stintegy-evo/Training/python/checkpoints/evalparent2f-1075000.pt  种子基 424242
  圈数 57  干净 42  干净率 73.7%  旋转 3 (≈1/19 圈)  退赛 0 (≈0/57 圈)
  最快干净圈 1:41.113  正赛带   干净圈均速 1:42.099   计罚圈 1:41.113
  出界秒数/圈：0 秒 74%  中位 0.000  p90 0.267  最大 3.467  总计 9.8s
  形态：圈圈小蹭（出界分散在多圈）
  毕业口径：❌ 旋转 3

wrote ../experiments/2026-09-12-spin-accounting/roster.json
